nohup: ignoring input

╔══════════════════════════════════════════════╗
║       LigandMPNN Pipeline -- Multi-PDB        ║
╚══════════════════════════════════════════════╝

[10:37:25] Found 1 valid PDB(s).

----------------------------------------------
[10:37:25] [1/3] Pose QC
----------------------------------------------
[10:37:25]   [1h00_protein_fap] Running pose_qc.py...
[10:37:25]   [1h00_protein_fap] QC PASS
[10:37:25]   QC done: 1 active, 0 skipped.

----------------------------------------------
[10:37:25] [2/3] Residue Selection
----------------------------------------------
[10:37:25]   [1h00_protein_fap] Selecting residues (dist=6.0 Å)...
    [INFO] Loading: data/cdk2/crystal_structure/1h00_protein_fap.pdb
    [CHECK] Protein scaffold: n_residues=278, chains=['A'], first=A1, last=A298
            => This should be identical for all PDBs in the campaign.
    [INFO] Ligand selected: FAP (n_residues=1, heavy_atoms=30)
    [INFO] Other HETATM groups ignored: ['ACE']. Use --ligand_resname to select a specific one.
    [INFO] Selecting residues within 6.00 Å of ligand heavy atoms...
    [OK] 24 residues selected -> output_abl1_lmpnn/1h00_protein_fap/selected_residues.txt
         A9 A10 A11 A12 A16 A18 A31 A33 A64 A80 A81 A82 A83 A84 A85 A86 A89 A131 A132 A133 A134 A144 A145 A148
    [INFO] n_positions=24 — should be equal (or very close) for all ligands in this campaign (same scaffold, same site).
    [OK] JSON summary -> output_abl1_lmpnn/1h00_protein_fap/selection_summary.json
[10:37:26]   [1h00_protein_fap] Selected 24 positions.
[10:37:26]   All PDBs selected 24 positions.

----------------------------------------------
[10:37:26] [3/3] LigandMPNN
----------------------------------------------
[10:37:26]   Launching LigandMPNN on 1 PDB(s)...
/home/tedeschg/miniforge3/envs/ligandmpnn_env/lib/python3.11/site-packages/prody/utilities/misctools.py:424: UserWarning: pkg_resources is deprecated as an API. See https://setuptools.pypa.io/en/latest/pkg_resources.html. The pkg_resources package is slated for removal as early as 2025-11-30. Refrain from using this package or pin to Setuptools<81.
  import pkg_resources
Designing protein from this path: /home/tedeschg/prj/protein-perturbation/data/cdk2/crystal_structure/1h00_protein_fap.pdb
These residues will be redesigned:  ['A1', 'A2', 'A3', 'A4', 'A5', 'A6', 'A7', 'A8', 'A9', 'A10', 'A11', 'A12', 'A15', 'A16', 'A17', 'A18', 'A19', 'A20', 'A21', 'A22', 'A23', 'A24', 'A25', 'A26', 'A27', 'A28', 'A29', 'A30', 'A31', 'A32', 'A33', 'A34', 'A35', 'A44', 'A45', 'A46', 'A47', 'A48', 'A49', 'A50', 'A51', 'A52', 'A53', 'A54', 'A55', 'A56', 'A57', 'A58', 'A59', 'A60', 'A61', 'A62', 'A63', 'A64', 'A65', 'A66', 'A67', 'A68', 'A69', 'A70', 'A71', 'A72', 'A73', 'A74', 'A75', 'A76', 'A77', 'A78', 'A79', 'A80', 'A81', 'A82', 'A83', 'A84', 'A85', 'A86', 'A87', 'A88', 'A89', 'A90', 'A91', 'A92', 'A93', 'A94', 'A95', 'A96', 'A97', 'A98', 'A99', 'A100', 'A101', 'A102', 'A103', 'A104', 'A105', 'A106', 'A107', 'A108', 'A109', 'A110', 'A111', 'A112', 'A113', 'A114', 'A115', 'A116', 'A117', 'A118', 'A119', 'A120', 'A121', 'A122', 'A123', 'A124', 'A125', 'A126', 'A127', 'A128', 'A129', 'A130', 'A131', 'A132', 'A133', 'A134', 'A135', 'A136', 'A137', 'A138', 'A139', 'A140', 'A141', 'A142', 'A143', 'A144', 'A145', 'A146', 'A147', 'A148', 'A149', 'A150', 'A151', 'A162', 'A163', 'A164', 'A165', 'A166', 'A167', 'A168', 'A169', 'A170', 'A171', 'A172', 'A173', 'A174', 'A175', 'A176', 'A177', 'A178', 'A179', 'A180', 'A181', 'A182', 'A183', 'A184', 'A185', 'A186', 'A187', 'A188', 'A189', 'A190', 'A191', 'A192', 'A193', 'A194', 'A195', 'A196', 'A197', 'A198', 'A199', 'A200', 'A201', 'A202', 'A203', 'A204', 'A205', 'A206', 'A207', 'A208', 'A209', 'A210', 'A211', 'A212', 'A213', 'A214', 'A215', 'A216', 'A217', 'A218', 'A219', 'A220', 'A221', 'A222', 'A223', 'A224', 'A225', 'A226', 'A227', 'A228', 'A229', 'A230', 'A231', 'A232', 'A233', 'A234', 'A235', 'A236', 'A237', 'A238', 'A239', 'A240', 'A241', 'A242', 'A243', 'A244', 'A245', 'A246', 'A247', 'A248', 'A249', 'A250', 'A251', 'A252', 'A253', 'A254', 'A255', 'A256', 'A257', 'A258', 'A259', 'A260', 'A261', 'A262', 'A263', 'A264', 'A265', 'A266', 'A267', 'A268', 'A269', 'A270', 'A271', 'A272', 'A273', 'A274', 'A275', 'A276', 'A277', 'A278', 'A279', 'A280', 'A281', 'A282', 'A283', 'A284', 'A285', 'A286', 'A287', 'A288', 'A289', 'A290', 'A291', 'A292', 'A293', 'A294', 'A295', 'A296', 'A297', 'A298']
These residues will be fixed:  []
The number of ligand atoms parsed is equal to: 33
Type: C, Coords [-14.404  33.895  -2.795], Mask 1
Type: O, Coords [-13.377  34.517  -3.075], Mask 1
Type: C, Coords [-15.718  34.614  -2.62 ], Mask 1
Type: C, Coords [ 0.326 33.1    7.856], Mask 1
Type: N, Coords [-0.569 32.563  8.689], Mask 1
Type: C, Coords [-0.401 31.277  9.066], Mask 1
Type: C, Coords [ 0.713 30.517  8.579], Mask 1
Type: C, Coords [ 1.614 31.197  7.689], Mask 1
Type: N, Coords [ 1.396 32.484  7.345], Mask 1
Type: N, Coords [-1.398 30.732  9.98 ], Mask 1
Type: C, Coords [-1.454 29.617 10.947], Mask 1
Type: C, Coords [-2.731 29.015 11.177], Mask 1
Type: C, Coords [-2.864 27.937 12.091], Mask 1
Type: C, Coords [-1.734 27.448 12.792], Mask 1
Type: C, Coords [-0.462 28.028 12.584], Mask 1
Type: C, Coords [-0.309 29.105 11.674], Mask 1
Type: N, Coords [ 2.794 30.557  7.126], Mask 1
Type: C, Coords [ 3.412 29.238  7.219], Mask 1
Type: C, Coords [ 3.648 28.575  8.468], Mask 1
Type: C, Coords [ 4.248 27.299  8.501], Mask 1
Type: C, Coords [ 4.628 26.656  7.293], Mask 1
Type: C, Coords [ 4.399 27.314  6.042], Mask 1
Type: C, Coords [ 3.795 28.597  6.01 ], Mask 1
Type: O, Coords [ 5.207 25.398  7.44 ], Mask 1
Type: C, Coords [ 4.464 24.159  7.617], Mask 1
Type: C, Coords [ 5.396 22.935  7.662], Mask 1
Type: C, Coords [ 4.767 21.537  7.444], Mask 1
Type: N, Coords [ 5.617 20.341  7.761], Mask 1
Type: C, Coords [ 6.442 19.881  6.612], Mask 1
Type: C, Coords [ 4.805 19.205  8.291], Mask 1
Type: O, Coords [ 6.251 22.972  8.754], Mask 1
Type: F, Coords [-3.849 29.459 10.521], Mask 1
Type: F, Coords [ 0.945 29.621 11.516], Mask 1
[10:37:29]   LigandMPNN done.

----------------------------------------------
  PIPELINE COMPLETE -- FINAL REPORT
----------------------------------------------
PDB                             QC_STATUS     CLASHES   GEOM      N_POS     
------------------------------  ------------  --------  --------  ----------
1h00_protein_fap                pass          0         0         24        

[10:37:29] Report TSV -> output_abl1_lmpnn/pipeline_report.tsv
[10:37:29] All done. Results in: output_abl1_lmpnn
